// Jest Snapshot v1, https://goo.gl/fbAQLP

exports[`Layout with props match a snapshot 1`] = `
<div>
  <div
    class="MuiContainer-root makeStyles-container-1"
  >
    <header
      class="MuiPaper-root MuiAppBar-root MuiAppBar-positionFixed MuiAppBar-colorPrimary makeStyles-appBar-3 mui-fixed MuiPaper-elevation4"
      style="margin: 0px;"
    >
      <div
        class="MuiToolbar-root MuiToolbar-regular MuiToolbar-gutters"
      >
        <div
          class="MuiBox-root MuiBox-root-4"
        >
          title
        </div>
        <div
          style="margin-left: auto;"
        >
          <button
            class="MuiButtonBase-root MuiButton-root MuiButton-text MuiButton-colorInherit MuiButton-textSizeLarge MuiButton-sizeLarge"
            tabindex="0"
            type="button"
          >
            <span
              class="MuiButton-label"
            >
              Tab1
            </span>
            <span
              class="MuiTouchRipple-root"
            />
          </button>
          <button
            class="MuiButtonBase-root MuiButton-root MuiButton-text MuiButton-colorInherit MuiButton-textSizeLarge MuiButton-sizeLarge"
            tabindex="0"
            type="button"
          >
            <span
              class="MuiButton-label"
            >
              Tab2
            </span>
            <span
              class="MuiTouchRipple-root"
            />
          </button>
          <button
            class="MuiButtonBase-root MuiButton-root MuiButton-text MuiButton-colorInherit MuiButton-textSizeLarge MuiButton-sizeLarge"
            tabindex="0"
            type="button"
          >
            <span
              class="MuiButton-label"
            >
              Tab3
            </span>
            <span
              class="MuiTouchRipple-root"
            />
          </button>
        </div>
      </div>
    </header>
  </div>
</div>
`;
